2026-07-27T11:45:09.2644069Z ##[group]Run node scripts/acceptance.mjs --strict
 [36;1mnode scripts/acceptance.mjs --strict[0m
 shell: /usr/bin/bash -e {0}
 env:
   CI: 1
   GOTOOLCHAIN: local
 ##[endgroup]
 {
   "schemaVersion": "antiflock.reference-vertical-slice-acceptance/v1",
   "title": "AntiFlock reference vertical slice acceptance",
   "measuredAt": "2026-07-27T11:49:10.567Z",
   "harness": "node scripts/acceptance.mjs",
   "metric": "reference_vertical_slice_gates_passed",
   "direction": "higher-is-better",
   "value": 9,
   "total": 10,
   "ratio": 0.9,
   "environment": {
     "platform": "linux",
     "architecture": "x64",
     "node": "v24.18.0",
     "goAvailable": true,
     "dockerAvailable": true
   },
   "gates": [
     {
       "id": "contracts",
       "title": "Locked security, privacy, and working-name contracts",
       "passed": true,
       "evidence": [
         "LICENSE",
         "SECURITY.md",
         "GOVERNANCE.md",
         "docs/vision.md",
         "docs/threat-model.md",
         "docs/evidence-model.md",
         "docs/privacy-invariants.md",
         "docs/protection-states.md",
         "docs/community-intelligence-policy.md",
         "docs/scrambler-safety-model.md",
         "package.json",
         "apps/web/package.json",
         "apps/aether-demo/package.json",
         "sdk/typescript/package.json"
       ],
       "missing": []
     },
     {
       "id": "schemas",
       "title": "Canonical protocol schemas format, lint, build, and generated-code parity",
       "passed": false,
       "evidence": [],
       "missing": [],
       "command": {
         "command": "/opt/hostedtoolcache/node/24.18.0/x64/bin/node scripts/verify.mjs --section proto",
         "passed": false,
         "status": 1,
         "stdout": "==> Protocol Buffer formatting (Buf 1.72.0 container)\n\n==> Protocol Buffer lint (Buf 1.72.0 container)\n\n==> Protocol Buffer build (Buf 1.72.0 container)\n\n==> Re-generate Go API into an isolated directory (Buf 1.72.0 container)",
         "stderr": "Unable to find image 'bufbuild/buf:1.72.0@sha256:65bd496a89c762ad7151ca9e7d885a45dacb3671a8e8ec39738b9f844d3405ea' locally\ndocker.io/bufbuild/buf@sha256:65bd496a89c762ad7151ca9e7d885a45dacb3671a8e8ec39738b9f844d3405ea: Pulling from bufbuild/buf\n55afa1ecc21d: Already exists\ne8192583dbc6: Pulling fs layer\n3718e0396367: Pulling fs layer\ne8192583dbc6: Verifying Checksum\ne8192583dbc6: Download complete\n3718e0396367: Verifying Checksum\n3718e0396367: Download complete\ne8192583dbc6: Pull complete\n3718e0396367: Pull complete\nDigest: sha256:65bd496a89c762ad7151ca9e7d885a45dacb3671a8e8ec39738b9f844d3405ea\nStatus: Downloaded newer image for bufbuild/buf@sha256:65bd496a89c762ad7151ca9e7d885a45dacb3671a8e8ec39738b9f844d3405ea\nFailure: mkdir /.cache: permission denied\nProtocol Buffer formatting (Buf 1.72.0 container) failed with exit code 1.\nFailure: mkdir /.cache: permission denied\nProtocol Buffer lint (Buf 1.72.0 container) failed with exit code 1.\nFailure: mkdir /.cache: permission denied\nProtocol Buffer build (Buf 1.72.0 container) failed with exit code 1.\nFailure: mkdir /.cache: permission denied\nRe-generate Go API into an isolated directory (Buf 1.72.0 container) failed with exit code 1.\n\nVerification failures (4):\n- Protocol Buffer formatting\n- Protocol Buffer lint\n- Protocol Buffer build\n- Protocol Buffer generation reproducibility"
       }
     },
     {
       "id": "core",
       "title": "Core API, configuration, retention, and CLI behavior",
       "passed": true,
       "evidence": [
         "go test -count=1 ./api/gen/go/... ./internal/... ./cmd/antiflock-core ./cmd/antiflockctl ./core/config ./core/retention ./core/server"
       ],
       "missing": [],
       "command": {
         "command": "go test -count=1 ./api/gen/go/... ./internal/... ./cmd/antiflock-core ./cmd/antiflockctl ./core/config ./core/retention ./core/server",
         "passed": true,
         "status": 0,
         "stdout": "?   \tgithub.com/DBarr3/AntiFlock/api/gen/go/antiflock/v1\t[no test files]\nok  \tgithub.com/DBarr3/AntiFlock/internal/id\t0.003s\nok  \tgithub.com/DBarr3/AntiFlock/internal/model\t0.006s\nok  \tgithub.com/DBarr3/AntiFlock/cmd/antiflock-core\t0.054s\nok  \tgithub.com/DBarr3/AntiFlock/cmd/antiflockctl\t0.262s\nok  \tgithub.com/DBarr3/AntiFlock/core/config\t0.004s\nok  \tgithub.com/DBarr3/AntiFlock/core/retention\t0.066s\nok  \tgithub.com/DBarr3/AntiFlock/core/server\t1.564s",
         "stderr": ""
       }
     },
     {
       "id": "event-spine",
       "title": "Durable identity, enrollment, event, projection, and audit behavior",
       "passed": true,
       "evidence": [
         "go test -count=1 ./core/audit ./core/enrollment ./core/events ./core/identity ./core/storage"
       ],
       "missing": [],
       "command": {
         "command": "go test -count=1 ./core/audit ./core/enrollment ./core/events ./core/identity ./core/storage",
         "passed": true,
         "status": 0,
         "stdout": "ok  \tgithub.com/DBarr3/AntiFlock/core/audit\t3.833s\nok  \tgithub.com/DBarr3/AntiFlock/core/enrollment\t0.262s\nok  \tgithub.com/DBarr3/AntiFlock/core/events\t0.238s\nok  \tgithub.com/DBarr3/AntiFlock/core/identity\t0.226s\nok  \tgithub.com/DBarr3/AntiFlock/core/storage\t0.358s",
         "stderr": ""
       }
     },
     {
       "id": "decision-plane",
       "title": "Fail-closed posture, policy, finding, action, and Scrambler behavior",
       "passed": true,
       "evidence": [
         "go test -count=1 ./core/actions ./core/findings ./core/footprint ./core/nano ./core/policy ./core/posture ./core/scrambler"
       ],
       "missing": [],
       "command": {
         "command": "go test -count=1 ./core/actions ./core/findings ./core/footprint ./core/nano ./core/policy ./core/posture ./core/scrambler",
         "passed": true,
         "status": 0,
         "stdout": "ok  \tgithub.com/DBarr3/AntiFlock/core/actions\t0.008s\nok  \tgithub.com/DBarr3/AntiFlock/core/findings\t0.006s\nok  \tgithub.com/DBarr3/AntiFlock/core/footprint\t0.006s\nok  \tgithub.com/DBarr3/AntiFlock/core/nano\t0.091s\nok  \tgithub.com/DBarr3/AntiFlock/core/policy\t0.011s\nok  \tgithub.com/DBarr3/AntiFlock/core/posture\t0.007s\nok  \tgithub.com/DBarr3/AntiFlock/core/scrambler\t0.005s",
         "stderr": ""
       }
     },
     {
       "id": "agent",
       "title": "Agent observation, mesh probing, enforcement, verification, and rollback behavior",
       "passed": true,
       "evidence": [
         "go test -count=1 ./adapters/... ./agent/... ./cmd/antiflock-agent ./cmd/antiflock-sim"
       ],
       "missing": [],
       "command": {
         "command": "go test -count=1 ./adapters/... ./agent/... ./cmd/antiflock-agent ./cmd/antiflock-sim",
         "passed": true,
         "status": 0,
         "stdout": "ok  \tgithub.com/DBarr3/AntiFlock/adapters/mesh/headscale\t0.012s\nok  \tgithub.com/DBarr3/AntiFlock/adapters/mesh/tailscale\t0.007s\nok  \tgithub.com/DBarr3/AntiFlock/adapters/publicsurface\t0.008s\nok  \tgithub.com/DBarr3/AntiFlock/agent/collectors\t0.009s\nok  \tgithub.com/DBarr3/AntiFlock/agent/enforcement\t0.055s\nok  \tgithub.com/DBarr3/AntiFlock/agent/enrollment\t0.021s\nok  \tgithub.com/DBarr3/AntiFlock/agent/ingest\t0.011s\nok  \tgithub.com/DBarr3/AntiFlock/agent/runtime\t1.021s\nok  \tgithub.com/DBarr3/AntiFlock/agent/sim\t0.041s\nok  \tgithub.com/DBarr3/AntiFlock/cmd/antiflock-agent\t0.014s\nok  \tgithub.com/DBarr3/AntiFlock/cmd/antiflock-sim\t0.006s",
         "stderr": ""
       }
     },
     {
       "id": "web",
       "title": "Third-Eye dashboard rendering, live-data, and proxy behavior",
       "passed": true,
       "evidence": [
         "npm run test --prefix apps/web"
       ],
       "missing": [],
       "command": {
         "command": "npm run test --prefix apps/web",
         "passed": true,
         "status": 0,
         "stdout": "> @antiflock/third-eye-web@0.1.0 test\n> npm run build && npm run test:unit && node --test tests/rendered-html.test.mjs\n\n\n> @antiflock/third-eye-web@0.1.0 build\n> vinext build\n\n\n  vinext build  (Vite 8.1.5)\n\n\u001b[34m[1/5] analyze client references...\u001b[39m\n\u001b[2K\rtransforming...✓ 222 modules transformed.\nrendering chunks...\n\u001b[32m✓ built in 812ms\u001b[39m\n\u001b[34m[2/5] analyze server references...\u001b[39m\n\u001b[2K\rtransforming...✓ 128 modules transformed.\nrendering chunks...\n\u001b[32m✓ built in 425ms\u001b[39m\n\u001b[34m[3/5] build rsc environment...\u001b[39m\n\u001b[2K\rtransforming...✓ 218 modules transformed.\nrendering chunks...\ncomputing gzip size...\n\u001b[32m✓ built in 796ms\u001b[39m\n\u001b[34m[4/5] build client environment...\u001b[39m\n\u001b[2K\rtransforming...✓ 132 modules transformed.\nrendering chunks...\ncomputing gzip size...\n\u001b[32m✓ built in 794ms\u001b[39m\n\u001b[34m[5/5] build ssr environment...\u001b[39m\n\u001b[2K\rtransforming...✓ 129 modules transformed.\nrendering chunks...\ncomputing gzip size...\n\u001b[32m✓ built in 666ms\u001b[39m\n  Generated standalone output in dist/standalone/\n  Start it with: node dist/standalone/server.js\n\n\n> @antiflock/third-eye-web@0.1.0 test:unit\n> tsx --test tests/*.test.ts\n\n✔ requires every canonical action scope dimension before one-time authorization (0.884713ms)\n✔ binds confirmation state to the exact scope and authorization expiry (0.277999ms)\n✔ renders the exact scope and requires explicit confirmation before authorization (22.620988ms)\n✔ does not offer authorization when Core omits a scope dimension (1.531733ms)\n✔ documents every dashboard REST projection and command surface (1.417919ms)\n✔ normalizes canonical snake_case posture projections (0.947991ms)\n✔ resolves same-origin and configured Core URLs without duplicate slashes (0.194494ms)\n✔ partial live state never presents demo fixtures as telemetry (0.513329ms)\n✔ partial Core responses preserve canonical projections and mark other areas unavailable (27.55674ms)\n✔ hydrates bounded one-time authorization metadata from the live action projection (2.063916ms)\n✔ maps Core durable path facts without upgrading observed evidence (2.664899ms)\n✔ coffee-shop failure is fail-closed and evidence-honest (2.216612ms)\n✔ verified recovery releases the held action (0.466712ms)\n✔ live data never labels an initial protected projection as a recovery (0.511797ms)\n✔ live recovery requires the same held action to become allowed (0.341137ms)\n✔ send-once bypass is narrow, expiring, and does not claim protection (0.878602ms)\n✔ renders persistent provenance when live Core data is simulated (7.354334ms)\n✔ keeps simulation provenance when live projections are partial (0.602956ms)\n✔ does not infer simulation provenance when Core omits it (1.641918ms)\n✔ private Core proxy is inert when no server-side bindings exist (26.054323ms)\n✔ proxy injects the server credential and strips browser credentials (12.301846ms)\n✔ proxy rejects cross-origin mutations before contacting Core (4.052883ms)\n✔ proxy allows same-origin JSON mutations and preserves streaming bodies (6.847084ms)\n✔ private dashboard and Core proxy require an independent operator credential (3.725692ms)\n✔ security headers do not issue HSTS for the local HTTP dashboard (1.112178ms)\nℹ tests 25\nℹ suites 0\nℹ pass 25\nℹ fail 0\nℹ cancelled 0\nℹ skipped 0\nℹ todo 0\nℹ duration_ms 1669.503237\n✔ server-renders the AntiFlock command shell with honest source state (161.38461ms)\n✔ server-renders every required route (385.83968ms)\n✔ rejects unknown dashboard routes (28.049601ms)\nℹ tests 3\nℹ suites 0\nℹ pass 3\nℹ fail 0\nℹ cancelled 0\nℹ skipped 0\nℹ todo 0\nℹ duration_ms 651.916099",
         "stderr": ""
       }
     },
     {
       "id": "secure-action-sdk",
       "title": "Secure Action SDK and Aether fail-closed lifecycle behavior",
       "passed": true,
       "evidence": [
         "npm run test --prefix sdk/typescript && npm run test --prefix apps/aether-demo && npm run test:sdk:live"
       ],
       "missing": [],
       "command": {
         "command": "npm run test --prefix sdk/typescript && npm run test --prefix apps/aether-demo && npm run test:sdk:live",
         "passed": true,
         "status": 0,
         "stdout": "> @aether/antiflock-secure-action@0.1.0 test\n> npm run build && node --test dist/test/*.test.js\n\n\n> @aether/antiflock-secure-action@0.1.0 build\n> tsc -p tsconfig.json\n\n▶ SecureActionClient\n  ✔ executes an ALLOW decision and records the lifecycle (3.478439ms)\n  ✔ holds, waits for verified restoration, re-evaluates, and then releases (1.042268ms)\n  ✔ does not release when the restored snapshot is not protected (0.555017ms)\n  ✔ returns an expired outcome when protection restoration times out (0.506056ms)\n  ✔ returns HOLD without waiting when automatic retry is disabled (0.349683ms)\n  ✔ fails closed on BLOCK (0.495135ms)\n  ✔ does not let an onDecision observer rewrite BLOCK into ALLOW (0.440841ms)\n  ✔ rejects a decision bound to a different secure action request (0.65844ms)\n  ✔ rejects plain ALLOW unless the returned posture is protected (0.460631ms)\n  ✔ requires an explicit consent provider and converts consent into ALLOW_ONCE (1.287235ms)\n  ✔ isolates consent and operation callbacks from the bound action scope (1.099694ms)\n  ✔ returns consent-required without prompting implicitly (0.317904ms)\n  ✔ records explicit consent decline and keeps the action closed (0.349663ms)\n  ✔ prevents reuse of the same one-time grant (0.729864ms)\n  ✔ requires server-side start consumption for ALLOW_ONCE even in best-effort audit mode (0.51899ms)\n  ✔ rechecks one-time expiry after the server-side consume await (0.438029ms)\n  ✔ rechecks the request deadline after the execution-start audit await (0.495927ms)\n  ✔ releases only the local one-time reservation when execution-start storage fails (0.641488ms)\n  ✔ requires the server execution-start recheck for ALLOW even in best-effort audit mode (0.489655ms)\n  ✔ requires explicit opt-in before a simulation verdict can invoke the callback (0.577399ms)\n  ✔ does not consume a simulated one-time grant before execution opt-in (0.55658ms)\n  ✔ does not invoke onDecision when required audit latency expires ALLOW evidence (0.315871ms)\n  ✔ rechecks ALLOW evidence immediately after asynchronous onDecision work (1.093073ms)\n  ✔ rechecks ALLOW evidence after the server execution-start boundary (0.430374ms)\n  ✔ rechecks abort state after a transport ignores cancellation (0.450722ms)\n  ✔ rejects a one-time grant for a broader or different scope (0.732939ms)\n  ✔ fails closed before execution when required audit storage is unavailable (0.362407ms)\n  ✔ reports completion-audit failure without mislabeling a successful action as failed (0.334004ms)\n  ✔ records execution failure and preserves the operation error (0.496308ms)\n✔ SecureActionClient (22.101344ms)\n▶ agent response validation\n  ✔ requires validUntil and policyRevision in every protection snapshot (0.426216ms)\n  ✔ rejects a decision whose audit and protection policy revisions differ (0.183612ms)\n  ✔ rejects a HOLD response without the required release condition (0.147175ms)\n  ✔ validates every rich native decision variant at the transport boundary (0.204803ms)\n  ✔ refuses remote HTTP agent endpoints unless explicitly enabled (0.269484ms)\n  ✔ requires authentication for loopback transport by default (0.298167ms)\n  ✔ maps the canonical ActionGateService JSON projection without inventing certainty (0.676694ms)\n  ✔ maps canonical one-time authorization to the exact request scope (0.222716ms)\n  ✔ sends canonical evaluate JSON through the authenticated loopback adapter (27.679549ms)\n  ✔ maps canonical wait and authorize responses and appends idempotent audit events (1.743968ms)\n  ✔ fails closed before authorize fetch when no separate operator credential is configured (0.220633ms)\n✔ agent response validation (32.461154ms)\nℹ tests 40\nℹ suites 2\nℹ pass 40\nℹ fail 0\nℹ cancelled 0\nℹ skipped 0\nℹ todo 0\nℹ duration_ms 151.899667\n> @aether/antiflock-coffee-shop-demo@0.1.0 test\n> npm run build && node --test dist/test/*.test.js\n\n\n> @aether/antiflock-coffee-shop-demo@0.1.0 prebuild\n> npm --prefix ../../sdk/typescript install --ignore-scripts && npm --prefix ../../sdk/typescript run build\n\n\nup to date, audited 4 packages in 360ms\n\nfound 0 vulnerabilities\n\n> @aether/antiflock-secure-action@0.1.0 build\n> tsc -p tsconfig.json\n\n\n> @aether/antiflock-coffee-shop-demo@0.1.0 build\n> tsc -p tsconfig.json\n\n▶ coffee-shop secure action scenario\n  ✔ holds a message and releases it only after protection is restored (6.316883ms)\n  ✔ uses the locked, uncertainty-aware protection copy (0.421548ms)\n✔ coffee-shop secure action scenario (7.960133ms)\nℹ tests 2\nℹ suites 1\nℹ pass 2\nℹ fail 0\nℹ cancelled 0\nℹ skipped 0\nℹ todo 0\nℹ duration_ms 79.426639\n62a0408027bd5729dfd6b1b8766e578e8df93995b225dfd0944eb651\n#13 extracting sha256:c4013e1e38341061b49f51c4b44f2e534c25135d7ed5b75af8b2094766bb5519 2.6s done\n#13 extracting sha256:c4013e1e38341061b49f51c4b44f2e534c25135d7ed5b75af8b2094766bb5519 2.6s done\n#13 extracting sha256:bd0ec93c9c52acfa7f522ce201898ba8ebdf67a6d01c6a4ea70e8d413dbc534a 0.1s\n#13 extracting sha256:bd0ec93c9c52acfa7f522ce201898ba8ebdf67a6d01c6a4ea70e8d413dbc534a 0.6s done\n#13 extracting sha256:2dd2dd4f152bd44fe5b02de3e47483f6cdf32bf3d7ea1c7cc70d57b075f2eebd\n#13 extracting sha256:2dd2dd4f152bd44fe5b02de3e47483f6cdf32bf3d7ea1c7cc70d57b075f2eebd 2.5s done\n#13 extracting sha256:7959e93f36297a062ca6d7a2e7200b60623607007f976913beae44b317dd9e06\n#13 extracting sha256:7959e93f36297a062ca6d7a2e7200b60623607007f976913beae44b317dd9e06 2.3s done\n#13 extracting sha256:cea3d467f844b8e6fffc2d7793807a1ec9e3a0582655418c1c17013372a3a910\n#13 extracting sha256:cea3d467f844b8e6fffc2d7793807a1ec9e3a0582655418c1c17013372a3a910 5.0s done\n#13 extracting sha256:cea3d467f844b8e6fffc2d7793807a1ec9e3a0582655418c1c17013372a3a910 5.0s done\n#13 extracting sha256:ba87c45d638b988807a4c8b4dc915a6b7d9f571736c5c2fc780382a1d32419ec\n#13 extracting sha256:ba87c45d638b988807a4c8b4dc915a6b7d9f571736c5c2fc780382a1d32419ec done\n#13 extracting sha256:4f4fb700ef54461cfa02571ae0db9a0dc1e0cdb5577484a6d75e68dc38e8acc1 done\n#13 DONE 17.0s\n\n#17 [simulator build 2/6] WORKDIR /src\n#17 DONE 0.0s\n\n#18 [simulator build 3/6] COPY go.mod go.sum* ./\n#18 DONE 0.0s\n\n#19 [core build 4/6] RUN --mount=type=cache,target=/go/pkg/mod go mod download\n#19 DONE 4.9s\n\n#20 [simulator build 5/6] COPY . .\n#20 DONE 0.1s\n\n#21 [simulator build 6/6] RUN --mount=type=cache,target=/go/pkg/mod     --mount=type=cache,target=/root/.cache/go-build     CGO_ENABLED=0 go build -trimpath -ldflags=\"-s -w\" -o /out/antiflock-core ./cmd/antiflock-core &&     CGO_ENABLED=0 go build -trimpath -ldflags=\"-s -w\" -o /out/antiflock-agent ./cmd/antiflock-agent &&     CGO_ENABLED=0 go build -trimpath -ldflags=\"-s -w\" -o /out/antiflock-sim ./cmd/antiflock-sim &&     CGO_ENABLED=0 go build -trimpath -ldflags=\"-s -w\" -o /out/antiflockctl ./cmd/antiflockctl &&     install -d -m 0700 -o 65532 -g 65532 /image-data/var/lib/antiflock &&     test \"$(stat -c '%u:%g:%a' /image-data/var/lib/antiflock)\" = \"65532:65532:700\"\n#21 DONE 54.2s\n\n#22 [simulator stage-1 2/3] COPY --from=build --chown=65532:65532 /out/ /usr/local/bin/\n#22 DONE 0.1s\n\n#23 [simulator stage-1 3/3] COPY --from=build --chown=65532:65532 /image-data/var/lib/antiflock/ /var/lib/antiflock/\n#23 DONE 0.0s\n\n#24 [core] exporting to image\n#24 exporting layers\n#24 exporting layers 0.4s done\n#24 writing image sha256:18a778aa4baaa9f78c771e120b85e669fbbf33b8095023016abd11bcc6980516 done\n#24 naming to docker.io/library/antiflock-core done\n#24 DONE 0.4s\n\n#25 [simulator] exporting to image\n#25 exporting layers 0.4s done\n#25 writing image sha256:18a778aa4baaa9f78c771e120b85e669fbbf33b8095023016abd11bcc6980516 done\n#25 naming to docker.io/library/antiflock-simulator done\n#25 DONE 0.4s\n\n#26 [core] resolving provenance for metadata file\n#26 DONE 0.0s\n\n#27 [simulator] resolving provenance for metadata file\n#27 DONE 0.0s\nGoing to remove antiflock-sdk-loopback-1\n{\n  \"schemaVersion\": \"antiflock.sdk-live-e2e/v1\",\n  \"simulation\": true,\n  \"transport\": \"FetchLoopbackTransport\",\n  \"initialDecision\": \"HOLD\",\n  \"finalDecision\": \"ALLOW\",\n  \"evidenceProvenance\": \"SIMULATION\",\n  \"reevaluationCount\": 1,\n  \"operationCallbackCount\": 1,\n  \"lifecycleEventCount\": 6,\n  \"lifecycleSequence\": [\n    \"SDK_DECISION_RECEIVED\",\n    \"SDK_HOLD_WAIT_STARTED\",\n    \"SDK_PROTECTION_RESTORED\",\n    \"SDK_DECISION_RECEIVED\",\n    \"SDK_ACTION_EXECUTION_STARTED\",\n    \"SDK_ACTION_EXECUTION_SUCCEEDED\"\n  ],\n  \"coreRestartVerified\": true,\n  \"durableActionDecision\": \"ALLOW\",\n  \"idempotentReplayCount\": 5,\n  \"executionStartReplayStatus\": 409,\n  \"changedReplayCount\": 6,\n  \"changedReplayStatus\": 409,\n  \"temporaryCoreExposure\": \"loopback-ephemeral-removed\",\n  \"verified\": true\n}",
         "stderr": "9620cc Extracting [>                                                  ]  491.5kB/49.11MB\n 7438bf9620cc Extracting [=======>                                           ]  7.373MB/49.11MB\n 7438bf9620cc Extracting [==============>                                    ]  13.76MB/49.11MB\n 7438bf9620cc Extracting [====================>                              ]  20.15MB/49.11MB\n 7438bf9620cc Extracting [===========================>                       ]  26.54MB/49.11MB\n 7438bf9620cc Extracting [===================================>               ]  34.41MB/49.11MB\n 7438bf9620cc Extracting [=========================================>         ]   40.8MB/49.11MB\n 7438bf9620cc Extracting [==============================================>    ]  45.22MB/49.11MB\n 7438bf9620cc Extracting [===============================================>   ]   46.2MB/49.11MB\n 7438bf9620cc Extracting [================================================>  ]  47.19MB/49.11MB\n 7438bf9620cc Extracting [=================================================> ]  48.17MB/49.11MB\n 7438bf9620cc Extracting [=================================================> ]  48.66MB/49.11MB\n 7438bf9620cc Extracting [==================================================>]  49.11MB/49.11MB\n 7438bf9620cc Pull complete \n a3c780a17679 Extracting [>                                                  ]  32.77kB/1.713MB\n a3c780a17679 Extracting [==================================================>]  1.713MB/1.713MB\n a3c780a17679 Pull complete \n 59eb9c1045a4 Extracting [==================================================>]     450B/450B\n 59eb9c1045a4 Extracting [==================================================>]     450B/450B\n 59eb9c1045a4 Pull complete \n sdk-loopback Pulled \n core  Built\n simulator  Built\n Network antiflock_dashboard-host  Creating\n Network antiflock_dashboard-host  Created\n Network antiflock_antiflock-demo  Creating\n Network antiflock_antiflock-demo  Created\n Volume \"antiflock_antiflock-simulator-data\"  Creating\n Volume \"antiflock_antiflock-simulator-data\"  Created\n Volume \"antiflock_antiflock-data\"  Creating\n Volume \"antiflock_antiflock-data\"  Created\n Container antiflock-core-1  Creating\n Container antiflock-core-1  Created\n Container antiflock-sdk-loopback-1  Creating\n Container antiflock-simulator-1  Creating\n Container antiflock-simulator-1  Created\n Container antiflock-sdk-loopback-1  Created\n Container antiflock-core-1  Starting\n Container antiflock-core-1  Started\n Container antiflock-core-1  Waiting\n Container antiflock-core-1  Waiting\n Container antiflock-core-1  Healthy\n Container antiflock-simulator-1  Starting\n Container antiflock-core-1  Healthy\n Container antiflock-sdk-loopback-1  Starting\n Container antiflock-simulator-1  Started\n Container antiflock-sdk-loopback-1  Started\n Container antiflock-simulator-1  Stopping\n Container antiflock-simulator-1  Stopped\n Container antiflock-core-1  Recreate\n Container antiflock-core-1  Recreated\n Container antiflock-simulator-1  Recreate\n Container antiflock-simulator-1  Recreated\n Container antiflock-core-1  Starting\n Container antiflock-core-1  Started\n Container antiflock-core-1  Waiting\n Container antiflock-core-1  Healthy\n Container antiflock-simulator-1  Starting\n Container antiflock-simulator-1  Started\n Container antiflock-simulator-1  Stopping\n Container antiflock-simulator-1  Stopped\n Container antiflock-core-1  Restarting\n Container antiflock-core-1  Started\n Container antiflock-core-1  Running\n Container antiflock-core-1  Waiting\n Container antiflock-core-1  Healthy\n Container antiflock-simulator-1  Starting\n Container antiflock-simulator-1  Started\n Container antiflock-sdk-loopback-1  Stopping\n Container antiflock-sdk-loopback-1  Stopped\n Container antiflock-sdk-loopback-1  Removing\n Container antiflock-sdk-loopback-1  Removed\n Container antiflock-simulator-1  Stopping\n Container antiflock-simulator-1  Stopped\n Container antiflock-core-1  Running\n Container antiflock-core-1  Stopping\n Container antiflock-core-1  Stopped",
         "steps": [
           {
             "command": "npm run test --prefix sdk/typescript",
             "passed": true,
             "status": 0,
             "stdout": "> @aether/antiflock-secure-action@0.1.0 test\n> npm run build && node --test dist/test/*.test.js\n\n\n> @aether/antiflock-secure-action@0.1.0 build\n> tsc -p tsconfig.json\n\n▶ SecureActionClient\n  ✔ executes an ALLOW decision and records the lifecycle (3.478439ms)\n  ✔ holds, waits for verified restoration, re-evaluates, and then releases (1.042268ms)\n  ✔ does not release when the restored snapshot is not protected (0.555017ms)\n  ✔ returns an expired outcome when protection restoration times out (0.506056ms)\n  ✔ returns HOLD without waiting when automatic retry is disabled (0.349683ms)\n  ✔ fails closed on BLOCK (0.495135ms)\n  ✔ does not let an onDecision observer rewrite BLOCK into ALLOW (0.440841ms)\n  ✔ rejects a decision bound to a different secure action request (0.65844ms)\n  ✔ rejects plain ALLOW unless the returned posture is protected (0.460631ms)\n  ✔ requires an explicit consent provider and converts consent into ALLOW_ONCE (1.287235ms)\n  ✔ isolates consent and operation callbacks from the bound action scope (1.099694ms)\n  ✔ returns consent-required without prompting implicitly (0.317904ms)\n  ✔ records explicit consent decline and keeps the action closed (0.349663ms)\n  ✔ prevents reuse of the same one-time grant (0.729864ms)\n  ✔ requires server-side start consumption for ALLOW_ONCE even in best-effort audit mode (0.51899ms)\n  ✔ rechecks one-time expiry after the server-side consume await (0.438029ms)\n  ✔ rechecks the request deadline after the execution-start audit await (0.495927ms)\n  ✔ releases only the local one-time reservation when execution-start storage fails (0.641488ms)\n  ✔ requires the server execution-start recheck for ALLOW even in best-effort audit mode (0.489655ms)\n  ✔ requires explicit opt-in before a simulation verdict can invoke the callback (0.577399ms)\n  ✔ does not consume a simulated one-time grant before execution opt-in (0.55658ms)\n  ✔ does not invoke onDecision when required audit latency expires ALLOW evidence (0.315871ms)\n  ✔ rechecks ALLOW evidence immediately after asynchronous onDecision work (1.093073ms)\n  ✔ rechecks ALLOW evidence after the server execution-start boundary (0.430374ms)\n  ✔ rechecks abort state after a transport ignores cancellation (0.450722ms)\n  ✔ rejects a one-time grant for a broader or different scope (0.732939ms)\n  ✔ fails closed before execution when required audit storage is unavailable (0.362407ms)\n  ✔ reports completion-audit failure without mislabeling a successful action as failed (0.334004ms)\n  ✔ records execution failure and preserves the operation error (0.496308ms)\n✔ SecureActionClient (22.101344ms)\n▶ agent response validation\n  ✔ requires validUntil and policyRevision in every protection snapshot (0.426216ms)\n  ✔ rejects a decision whose audit and protection policy revisions differ (0.183612ms)\n  ✔ rejects a HOLD response without the required release condition (0.147175ms)\n  ✔ validates every rich native decision variant at the transport boundary (0.204803ms)\n  ✔ refuses remote HTTP agent endpoints unless explicitly enabled (0.269484ms)\n  ✔ requires authentication for loopback transport by default (0.298167ms)\n  ✔ maps the canonical ActionGateService JSON projection without inventing certainty (0.676694ms)\n  ✔ maps canonical one-time authorization to the exact request scope (0.222716ms)\n  ✔ sends canonical evaluate JSON through the authenticated loopback adapter (27.679549ms)\n  ✔ maps canonical wait and authorize responses and appends idempotent audit events (1.743968ms)\n  ✔ fails closed before authorize fetch when no separate operator credential is configured (0.220633ms)\n✔ agent response validation (32.461154ms)\nℹ tests 40\nℹ suites 2\nℹ pass 40\nℹ fail 0\nℹ cancelled 0\nℹ skipped 0\nℹ todo 0\nℹ duration_ms 151.899667",
             "stderr": ""
           },
           {
             "command": "npm run test --prefix apps/aether-demo",
             "passed": true,
             "status": 0,
             "stdout": "> @aether/antiflock-coffee-shop-demo@0.1.0 test\n> npm run build && node --test dist/test/*.test.js\n\n\n> @aether/antiflock-coffee-shop-demo@0.1.0 prebuild\n> npm --prefix ../../sdk/typescript install --ignore-scripts && npm --prefix ../../sdk/typescript run build\n\n\nup to date, audited 4 packages in 360ms\n\nfound 0 vulnerabilities\n\n> @aether/antiflock-secure-action@0.1.0 build\n> tsc -p tsconfig.json\n\n\n> @aether/antiflock-coffee-shop-demo@0.1.0 build\n> tsc -p tsconfig.json\n\n▶ coffee-shop secure action scenario\n  ✔ holds a message and releases it only after protection is restored (6.316883ms)\n  ✔ uses the locked, uncertainty-aware protection copy (0.421548ms)\n✔ coffee-shop secure action scenario (7.960133ms)\nℹ tests 2\nℹ suites 1\nℹ pass 2\nℹ fail 0\nℹ cancelled 0\nℹ skipped 0\nℹ todo 0\nℹ duration_ms 79.426639",
             "stderr": ""
           },
           {
             "command": "npm run test:sdk:live",
             "passed": true,
             "status": 0,
             "stdout": "62a0408027bd5729dfd6b1b8766e578e8df93995b225dfd0944eb651\n#13 extracting sha256:c4013e1e38341061b49f51c4b44f2e534c25135d7ed5b75af8b2094766bb5519 2.6s done\n#13 extracting sha256:c4013e1e38341061b49f51c4b44f2e534c25135d7ed5b75af8b2094766bb5519 2.6s done\n#13 extracting sha256:bd0ec93c9c52acfa7f522ce201898ba8ebdf67a6d01c6a4ea70e8d413dbc534a 0.1s\n#13 extracting sha256:bd0ec93c9c52acfa7f522ce201898ba8ebdf67a6d01c6a4ea70e8d413dbc534a 0.6s done\n#13 extracting sha256:2dd2dd4f152bd44fe5b02de3e47483f6cdf32bf3d7ea1c7cc70d57b075f2eebd\n#13 extracting sha256:2dd2dd4f152bd44fe5b02de3e47483f6cdf32bf3d7ea1c7cc70d57b075f2eebd 2.5s done\n#13 extracting sha256:7959e93f36297a062ca6d7a2e7200b60623607007f976913beae44b317dd9e06\n#13 extracting sha256:7959e93f36297a062ca6d7a2e7200b60623607007f976913beae44b317dd9e06 2.3s done\n#13 extracting sha256:cea3d467f844b8e6fffc2d7793807a1ec9e3a0582655418c1c17013372a3a910\n#13 extracting sha256:cea3d467f844b8e6fffc2d7793807a1ec9e3a0582655418c1c17013372a3a910 5.0s done\n#13 extracting sha256:cea3d467f844b8e6fffc2d7793807a1ec9e3a0582655418c1c17013372a3a910 5.0s done\n#13 extracting sha256:ba87c45d638b988807a4c8b4dc915a6b7d9f571736c5c2fc780382a1d32419ec\n#13 extracting sha256:ba87c45d638b988807a4c8b4dc915a6b7d9f571736c5c2fc780382a1d32419ec done\n#13 extracting sha256:4f4fb700ef54461cfa02571ae0db9a0dc1e0cdb5577484a6d75e68dc38e8acc1 done\n#13 DONE 17.0s\n\n#17 [simulator build 2/6] WORKDIR /src\n#17 DONE 0.0s\n\n#18 [simulator build 3/6] COPY go.mod go.sum* ./\n#18 DONE 0.0s\n\n#19 [core build 4/6] RUN --mount=type=cache,target=/go/pkg/mod go mod download\n#19 DONE 4.9s\n\n#20 [simulator build 5/6] COPY . .\n#20 DONE 0.1s\n\n#21 [simulator build 6/6] RUN --mount=type=cache,target=/go/pkg/mod     --mount=type=cache,target=/root/.cache/go-build     CGO_ENABLED=0 go build -trimpath -ldflags=\"-s -w\" -o /out/antiflock-core ./cmd/antiflock-core &&     CGO_ENABLED=0 go build -trimpath -ldflags=\"-s -w\" -o /out/antiflock-agent ./cmd/antiflock-agent &&     CGO_ENABLED=0 go build -trimpath -ldflags=\"-s -w\" -o /out/antiflock-sim ./cmd/antiflock-sim &&     CGO_ENABLED=0 go build -trimpath -ldflags=\"-s -w\" -o /out/antiflockctl ./cmd/antiflockctl &&     install -d -m 0700 -o 65532 -g 65532 /image-data/var/lib/antiflock &&     test \"$(stat -c '%u:%g:%a' /image-data/var/lib/antiflock)\" = \"65532:65532:700\"\n#21 DONE 54.2s\n\n#22 [simulator stage-1 2/3] COPY --from=build --chown=65532:65532 /out/ /usr/local/bin/\n#22 DONE 0.1s\n\n#23 [simulator stage-1 3/3] COPY --from=build --chown=65532:65532 /image-data/var/lib/antiflock/ /var/lib/antiflock/\n#23 DONE 0.0s\n\n#24 [core] exporting to image\n#24 exporting layers\n#24 exporting layers 0.4s done\n#24 writing image sha256:18a778aa4baaa9f78c771e120b85e669fbbf33b8095023016abd11bcc6980516 done\n#24 naming to docker.io/library/antiflock-core done\n#24 DONE 0.4s\n\n#25 [simulator] exporting to image\n#25 exporting layers 0.4s done\n#25 writing image sha256:18a778aa4baaa9f78c771e120b85e669fbbf33b8095023016abd11bcc6980516 done\n#25 naming to docker.io/library/antiflock-simulator done\n#25 DONE 0.4s\n\n#26 [core] resolving provenance for metadata file\n#26 DONE 0.0s\n\n#27 [simulator] resolving provenance for metadata file\n#27 DONE 0.0s\nGoing to remove antiflock-sdk-loopback-1\n{\n  \"schemaVersion\": \"antiflock.sdk-live-e2e/v1\",\n  \"simulation\": true,\n  \"transport\": \"FetchLoopbackTransport\",\n  \"initialDecision\": \"HOLD\",\n  \"finalDecision\": \"ALLOW\",\n  \"evidenceProvenance\": \"SIMULATION\",\n  \"reevaluationCount\": 1,\n  \"operationCallbackCount\": 1,\n  \"lifecycleEventCount\": 6,\n  \"lifecycleSequence\": [\n    \"SDK_DECISION_RECEIVED\",\n    \"SDK_HOLD_WAIT_STARTED\",\n    \"SDK_PROTECTION_RESTORED\",\n    \"SDK_DECISION_RECEIVED\",\n    \"SDK_ACTION_EXECUTION_STARTED\",\n    \"SDK_ACTION_EXECUTION_SUCCEEDED\"\n  ],\n  \"coreRestartVerified\": true,\n  \"durableActionDecision\": \"ALLOW\",\n  \"idempotentReplayCount\": 5,\n  \"executionStartReplayStatus\": 409,\n  \"changedReplayCount\": 6,\n  \"changedReplayStatus\": 409,\n  \"temporaryCoreExposure\": \"loopback-ephemeral-removed\",\n  \"verified\": true\n}",
             "stderr": "9620cc Extracting [>                                                  ]  491.5kB/49.11MB\n 7438bf9620cc Extracting [=======>                                           ]  7.373MB/49.11MB\n 7438bf9620cc Extracting [==============>                                    ]  13.76MB/49.11MB\n 7438bf9620cc Extracting [====================>                              ]  20.15MB/49.11MB\n 7438bf9620cc Extracting [===========================>                       ]  26.54MB/49.11MB\n 7438bf9620cc Extracting [===================================>               ]  34.41MB/49.11MB\n 7438bf9620cc Extracting [=========================================>         ]   40.8MB/49.11MB\n 7438bf9620cc Extracting [==============================================>    ]  45.22MB/49.11MB\n 7438bf9620cc Extracting [===============================================>   ]   46.2MB/49.11MB\n 7438bf9620cc Extracting [================================================>  ]  47.19MB/49.11MB\n 7438bf9620cc Extracting [=================================================> ]  48.17MB/49.11MB\n 7438bf9620cc Extracting [=================================================> ]  48.66MB/49.11MB\n 7438bf9620cc Extracting [==================================================>]  49.11MB/49.11MB\n 7438bf9620cc Pull complete \n a3c780a17679 Extracting [>                                                  ]  32.77kB/1.713MB\n a3c780a17679 Extracting [==================================================>]  1.713MB/1.713MB\n a3c780a17679 Pull complete \n 59eb9c1045a4 Extracting [==================================================>]     450B/450B\n 59eb9c1045a4 Extracting [==================================================>]     450B/450B\n 59eb9c1045a4 Pull complete \n sdk-loopback Pulled \n core  Built\n simulator  Built\n Network antiflock_dashboard-host  Creating\n Network antiflock_dashboard-host  Created\n Network antiflock_antiflock-demo  Creating\n Network antiflock_antiflock-demo  Created\n Volume \"antiflock_antiflock-simulator-data\"  Creating\n Volume \"antiflock_antiflock-simulator-data\"  Created\n Volume \"antiflock_antiflock-data\"  Creating\n Volume \"antiflock_antiflock-data\"  Created\n Container antiflock-core-1  Creating\n Container antiflock-core-1  Created\n Container antiflock-sdk-loopback-1  Creating\n Container antiflock-simulator-1  Creating\n Container antiflock-simulator-1  Created\n Container antiflock-sdk-loopback-1  Created\n Container antiflock-core-1  Starting\n Container antiflock-core-1  Started\n Container antiflock-core-1  Waiting\n Container antiflock-core-1  Waiting\n Container antiflock-core-1  Healthy\n Container antiflock-simulator-1  Starting\n Container antiflock-core-1  Healthy\n Container antiflock-sdk-loopback-1  Starting\n Container antiflock-simulator-1  Started\n Container antiflock-sdk-loopback-1  Started\n Container antiflock-simulator-1  Stopping\n Container antiflock-simulator-1  Stopped\n Container antiflock-core-1  Recreate\n Container antiflock-core-1  Recreated\n Container antiflock-simulator-1  Recreate\n Container antiflock-simulator-1  Recreated\n Container antiflock-core-1  Starting\n Container antiflock-core-1  Started\n Container antiflock-core-1  Waiting\n Container antiflock-core-1  Healthy\n Container antiflock-simulator-1  Starting\n Container antiflock-simulator-1  Started\n Container antiflock-simulator-1  Stopping\n Container antiflock-simulator-1  Stopped\n Container antiflock-core-1  Restarting\n Container antiflock-core-1  Started\n Container antiflock-core-1  Running\n Container antiflock-core-1  Waiting\n Container antiflock-core-1  Healthy\n Container antiflock-simulator-1  Starting\n Container antiflock-simulator-1  Started\n Container antiflock-sdk-loopback-1  Stopping\n Container antiflock-sdk-loopback-1  Stopped\n Container antiflock-sdk-loopback-1  Removing\n Container antiflock-sdk-loopback-1  Removed\n Container antiflock-simulator-1  Stopping\n Container antiflock-simulator-1  Stopped\n Container antiflock-core-1  Running\n Container antiflock-core-1  Stopping\n Container antiflock-core-1  Stopped"
           }
         ]
       }
     },
     {
       "id": "android",
       "title": "Android Guard reference state-machine and fail-closed adapter behavior",
       "passed": true,
       "evidence": [
         "./gradlew --no-daemon test"
       ],
       "missing": [],
       "command": {
         "command": "./gradlew --no-daemon test",
         "passed": true,
         "status": 0,
         "stdout": "Fetching distribution.\nDownloading https://services.gradle.org/distributions/gradle-9.6.1-bin.zip\n.............10%.............20%..............30%.............40%..............50%.............60%.............70%..............80%.............90%..............100%\n\nWelcome to Gradle 9.6.1!\n\nHere are the highlights of this release:\n - Improved Configuration Cache hit rates\n - Additional CLI rendering options\n - Important project hierarchy lookup deprecations\n\nFor more details see https://docs.gradle.org/9.6.1/release-notes.html\n\nTo honour the JVM settings for this build a single-use Daemon process will be forked. For more on this, please refer to https://docs.gradle.org/9.6.1/userguide/gradle_daemon.html#sec:disabling_the_daemon in the Gradle documentation.\nDaemon will be stopped at the end of the build \n> Task :guard-domain:checkKotlinGradlePluginConfigurationErrors SKIPPED\n> Task :guard-domain:processResources NO-SOURCE\n> Task :guard-domain:processTestResources NO-SOURCE\n> Task :platform-adapters:checkKotlinGradlePluginConfigurationErrors SKIPPED\n> Task :platform-adapters:processResources NO-SOURCE\n> Task :platform-adapters:processTestResources NO-SOURCE\n> Task :reference-app:checkKotlinGradlePluginConfigurationErrors SKIPPED\n> Task :reference-app:processResources NO-SOURCE\n> Task :reference-app:processTestResources NO-SOURCE\n> Task :guard-domain:compileKotlin\n> Task :guard-domain:compileJava NO-SOURCE\n> Task :guard-domain:classes UP-TO-DATE\n> Task :guard-domain:jar\n> Task :platform-adapters:compileKotlin\n> Task :platform-adapters:compileJava NO-SOURCE\n> Task :platform-adapters:classes UP-TO-DATE\n> Task :platform-adapters:jar\n> Task :guard-domain:compileTestKotlin\n> Task :guard-domain:compileTestJava NO-SOURCE\n> Task :guard-domain:testClasses UP-TO-DATE\n> Task :platform-adapters:compileTestKotlin\n> Task :guard-domain:test\n> Task :platform-adapters:compileTestJava NO-SOURCE\n> Task :platform-adapters:testClasses UP-TO-DATE\n> Task :platform-adapters:test\n> Task :reference-app:compileKotlin\n> Task :reference-app:compileJava NO-SOURCE\n> Task :reference-app:classes UP-TO-DATE\n> Task :reference-app:jar\n> Task :reference-app:compileTestKotlin NO-SOURCE\n> Task :reference-app:compileTestJava NO-SOURCE\n> Task :reference-app:testClasses UP-TO-DATE\n> Task :reference-app:test NO-SOURCE\n\n[Incubating] Problems report is available at: file:///home/runner/work/AntiFlock/AntiFlock/apps/android/build/reports/problems/problems-report.html\n\nDeprecated Gradle features were used in this build, making it incompatible with Gradle 10.\n\nYou can use '--warning-mode all' to show the individual deprecation warnings and determine if they come from your own scripts or plugins.\n\nFor more on this, please refer to https://docs.gradle.org/9.6.1/userguide/command_line_interface.html#sec:command_line_warnings in the Gradle documentation.\n\nBUILD SUCCESSFUL in 1m 33s\n10 actionable tasks: 10 executed\nConsider enabling configuration cache to speed up this build: https://docs.gradle.org/9.6.1/userguide/configuration_cache_enabling.html",
         "stderr": ""
       }
     },
     {
       "id": "coffee-shop",
       "title": "Auditable coffee-shop failure and recovery acceptance scenario",
       "passed": true,
       "evidence": [
         "go test -count=1 -run ^TestCoffeeShopFailureHoldRecoveryAndRelease$ ./tests/end-to-end"
       ],
       "missing": [],
       "command": {
         "command": "go test -count=1 -run ^TestCoffeeShopFailureHoldRecoveryAndRelease$ ./tests/end-to-end",
         "passed": true,
         "status": 0,
         "stdout": "ok  \tgithub.com/DBarr3/AntiFlock/tests/end-to-end\t0.005s",
         "stderr": ""
       }
     }
   ]
 }
 ##[error]Process completed with exit code 1.
